ERROR 💥 {
  expose: true,
  statusCode: 400,
  status: 400,
  body: '{name:Smoke Tester,email:smoketest+final2@local.test,password:Password123!}',
  type: 'entity.parse.failed',
  message: "Expected property name or '}' in JSON at position 1 (line 1 column 2)"
}
ERROR 💥 {
  expose: true,
  statusCode: 400,
  status: 400,
  body: '{\\',
  type: 'entity.parse.failed',
  message: "Expected property name or '}' in JSON at position 1 (line 1 column 2)"
}
ERROR 💥 {
  errors: {
    email: ValidatorError: Please provide a valid email
        at validate (C:\denfit-ecommerce 3\backend\node_modules\mongoose\lib\schemaType.js:1414:13)
        at SchemaType.doValidate (C:\denfit-ecommerce 3\backend\node_modules\mongoose\lib\schemaType.js:1398:7)
        at C:\denfit-ecommerce 3\backend\node_modules\mongoose\lib\document.js:3115:18
        at process.processTicksAndRejections (node:internal/process/task_queues:85:11) {
      properties: [Object],
      kind: 'regexp',
      path: 'email',
      value: 'smoketest+ps@local.test',
      reason: undefined,
      [Symbol(mongoose#validatorError)]: true
    }
  },
  _message: 'User validation failed',
  statusCode: 500,
  status: 'error',
  message: 'User validation failed: email: Please provide a valid email'
}
